module Foo where

instance Eq T1 where
  (==) = ...

instance Eq T2 where
  x == y = ...

instance Eq T3 where
  (Cons1 x) == (Cons2 y) = ...
